
> kan@ typecheck D:\code\kanbn
> turbo run typecheck

ΓÇó Packages in scope: @kan/api, @kan/auth, @kan/db, @kan/docs, @kan/email, @kan/eslint-config, @kan/logger, @kan/prettier-config, @kan/shared, @kan/stripe, @kan/tailwind-config, @kan/tsconfig, @kan/web
ΓÇó Running typecheck in 13 packages
ΓÇó Remote caching disabled
@kan/docs:typecheck: cache miss, executing fad7a9e7d9c6dc56
@kan/prettier-config:typecheck: cache hit, replaying logs d190be67d4ac6612
@kan/prettier-config:typecheck: [?9001h[?1004h[?25l[2J[m[2;1H> @kan/prettier-config@0.1.0 typecheck D:\code\kanbn\tooling\prettier
@kan/prettier-config:typecheck: > tsc --noEmit[7;1H]0;C:\WINDOWS\system32\cmd.exe[?25h[?9001l[?1004l
@kan/eslint-config:typecheck: cache hit, replaying logs 9ffab97f1bc9603d
@kan/eslint-config:typecheck: [?9001h[?1004h[?25l[2J[m[2;1H> @kan/eslint-config@0.3.0 typecheck D:\code\kanbn\tooling\eslint
@kan/eslint-config:typecheck: > tsc --noEmit[7;1H]0;C:\WINDOWS\system32\cmd.exe[?25h[?9001l[?1004l
@kan/shared:build: cache miss, executing 07bf6580630be4f2
@kan/logger:build: cache hit, replaying logs ecc650ab9409c319
@kan/logger:build: [?9001h[?1004h[?25l[2J[m[2;1H> @kan/logger@0.1.0 build D:\code\kanbn\packages\logger
@kan/logger:build: > tsc[7;1H]0;C:\WINDOWS\system32\cmd.exe[?25h[?9001l[?1004l
@kan/tailwind-config:typecheck: cache hit, replaying logs 26d6cf589634037b
@kan/stripe:build: cache hit, replaying logs 7dc9d1ebc4ab1291
@kan/tailwind-config:typecheck: [?9001h[?1004h[?25l[2J[m[2;1H> @kan/tailwind-config@0.1.0 typecheck D:\code\kanbn\tooling\tailwind
@kan/tailwind-config:typecheck: > tsc --noEmit[7;1H]0;C:\WINDOWS\system32\cmd.exe[?25h[?9001l[?1004l
@kan/stripe:typecheck: cache hit, replaying logs 274cd30da9ac1553
@kan/stripe:typecheck: [?9001h[?1004h[?25l[2J[m[2;1H> @kan/stripe@0.1.0 typecheck D:\code\kanbn\packages\stripe
@kan/stripe:typecheck: > tsc --noEmit --emitDeclarationOnly false
@kan/stripe:typecheck: ]0;C:\WINDOWS\system32\cmd.exe[?25h
@kan/stripe:typecheck: [?9001l[?1004l
@kan/stripe:build: [?9001h[?1004h[?25l[2J[m[2;1H> @kan/stripe@0.1.0 build D:\code\kanbn\packages\stripe
@kan/stripe:build: > tsc[7;1H]0;C:\WINDOWS\system32\cmd.exe[?25h[?9001l[?1004l
@kan/shared:typecheck: cache miss, executing a2f9435cbb9be117
@kan/email:typecheck: cache miss, executing 2219c1e7ac7eff4c
@kan/email:build: cache hit, replaying logs 9c65ef9961087ad5
@kan/logger:typecheck: cache hit, replaying logs a11de775b7be494f
@kan/email:build: [?9001h[?1004h[?25l[2J[m[2;1H> @kan/email@0.1.0 build D:\code\kanbn\packages\email
@kan/email:build: > tsc[7;1H]0;C:\WINDOWS\system32\cmd.exe[?25h[?9001l[?1004l
@kan/logger:typecheck: [?9001h[?1004h[?25l[2J[m[2;1H> @kan/logger@0.1.0 typecheck D:\code\kanbn\packages\logger
@kan/logger:typecheck: > tsc --noEmit --emitDeclarationOnly false
@kan/logger:typecheck: ]0;C:\WINDOWS\system32\cmd.exe[?25h
@kan/logger:typecheck: [?9001l[?1004l
@kan/docs:typecheck: 
@kan/docs:typecheck: > @kan/docs@0.1.0 typecheck D:\code\kanbn\apps\docs
@kan/docs:typecheck: > tsc --noEmit
@kan/docs:typecheck: 
@kan/email:typecheck: 
@kan/email:typecheck: > @kan/email@0.1.0 typecheck D:\code\kanbn\packages\email
@kan/email:typecheck: > tsc --noEmit --emitDeclarationOnly false
@kan/email:typecheck: 
@kan/shared:typecheck: 
@kan/shared:typecheck: > @kan/shared@0.1.0 typecheck D:\code\kanbn\packages\shared
@kan/shared:typecheck: > tsc --noEmit --emitDeclarationOnly false
@kan/shared:typecheck: 
@kan/shared:build: 
@kan/shared:build: > @kan/shared@0.1.0 build D:\code\kanbn\packages\shared
@kan/shared:build: > tsc
@kan/shared:build: 
@kan/docs:typecheck: Version 5.9.2
@kan/docs:typecheck: tsc: The TypeScript Compiler - Version 5.9.2
@kan/docs:typecheck: 
@kan/docs:typecheck: COMMON COMMANDS
@kan/docs:typecheck: 
@kan/docs:typecheck:   tsc
@kan/docs:typecheck:   Compiles the current project (tsconfig.json in the working directory.)
@kan/docs:typecheck: 
@kan/docs:typecheck:   tsc app.ts util.ts
@kan/docs:typecheck:   Ignoring tsconfig.json, compiles the specified files with default compiler options.
@kan/docs:typecheck: 
@kan/docs:typecheck:   tsc -b
@kan/docs:typecheck:   Build a composite project in the working directory.
@kan/docs:typecheck: 
@kan/docs:typecheck:   tsc --init
@kan/docs:typecheck:   Creates a tsconfig.json with the recommended settings in the working directory.
@kan/docs:typecheck: 
@kan/docs:typecheck:   tsc -p ./path/to/tsconfig.json
@kan/docs:typecheck:   Compiles the TypeScript project located at the specified path.
@kan/docs:typecheck: 
@kan/docs:typecheck:   tsc --help --all
@kan/docs:typecheck:   An expanded version of this information, showing all possible compiler options
@kan/docs:typecheck: 
@kan/docs:typecheck:   tsc --noEmit
@kan/docs:typecheck:   tsc --target esnext
@kan/docs:typecheck:   Compiles the current project, with additional settings.
@kan/docs:typecheck: 
@kan/docs:typecheck: COMMAND LINE FLAGS
@kan/docs:typecheck: 
@kan/docs:typecheck: --help, -h
@kan/docs:typecheck: Print this message.
@kan/docs:typecheck: 
@kan/docs:typecheck: --watch, -w
@kan/docs:typecheck: Watch input files.
@kan/docs:typecheck: 
@kan/docs:typecheck: --all
@kan/docs:typecheck: Show all compiler options.
@kan/docs:typecheck: 
@kan/docs:typecheck: --version, -v
@kan/docs:typecheck: Print the compiler's version.
@kan/docs:typecheck: 
@kan/docs:typecheck: --init
@kan/docs:typecheck: Initializes a TypeScript project and creates a tsconfig.json file.
@kan/docs:typecheck: 
@kan/docs:typecheck: --project, -p
@kan/docs:typecheck: Compile the project given the path to its configuration file, or to a folder with a 'tsconfig.json'.
@kan/docs:typecheck: 
@kan/docs:typecheck: --showConfig
@kan/docs:typecheck: Print the final configuration instead of building.
@kan/docs:typecheck: 
@kan/docs:typecheck: --build, -b
@kan/docs:typecheck: Build one or more projects and their dependencies, if out of date
@kan/docs:typecheck: 
@kan/docs:typecheck: COMMON COMPILER OPTIONS
@kan/docs:typecheck: 
@kan/docs:typecheck: --pretty
@kan/docs:typecheck: Enable color and formatting in TypeScript's output to make compiler errors easier to read.
@kan/docs:typecheck: type: boolean
@kan/docs:typecheck: default: true
@kan/docs:typecheck: 
@kan/docs:typecheck: --declaration, -d
@kan/docs:typecheck: Generate .d.ts files from TypeScript and JavaScript files in your project.
@kan/docs:typecheck: type: boolean
@kan/docs:typecheck: default: `false`, unless `composite` is set
@kan/docs:typecheck: 
@kan/docs:typecheck: --declarationMap
@kan/docs:typecheck: Create sourcemaps for d.ts files.
@kan/docs:typecheck: type: boolean
@kan/docs:typecheck: default: false
@kan/docs:typecheck: 
@kan/docs:typecheck: --emitDeclarationOnly
@kan/docs:typecheck: Only output d.ts files and not JavaScript files.
@kan/docs:typecheck: type: boolean
@kan/docs:typecheck: default: false
@kan/docs:typecheck: 
@kan/docs:typecheck: --sourceMap
@kan/docs:typecheck: Create source map files for emitted JavaScript files.
@kan/docs:typecheck: type: boolean
@kan/docs:typecheck: default: false
@kan/docs:typecheck: 
@kan/docs:typecheck: --noEmit
@kan/docs:typecheck: Disable emitting files from a compilation.
@kan/docs:typecheck: type: boolean
@kan/docs:typecheck: default: false
@kan/docs:typecheck: 
@kan/docs:typecheck: --target, -t
@kan/docs:typecheck: Set the JavaScript language version for emitted JavaScript and include compatible library declarations.
@kan/docs:typecheck: one of: es5, es6/es2015, es2016, es2017, es2018, es2019, es2020, es2021, es2022, es2023, es2024, esnext
@kan/docs:typecheck: default: es5
@kan/docs:typecheck: 
@kan/docs:typecheck: --module, -m
@kan/docs:typecheck: Specify what module code is generated.
@kan/docs:typecheck: one of: none, commonjs, amd, umd, system, es6/es2015, es2020, es2022, esnext, node16, node18, node20, nodenext, preserve
@kan/docs:typecheck: default: undefined
@kan/docs:typecheck: 
@kan/docs:typecheck: --lib
@kan/docs:typecheck: Specify a set of bundled library declaration files that describe the target runtime environment.
@kan/docs:typecheck: one or more: es5, es6/es2015, es7/es2016, es2017, es2018, es2019, es2020, es2021, es2022, es2023, es2024, esnext, dom, dom.iterable, dom.asynciterable, webworker, webworker.importscripts, webworker.iterable, webworker.asynciterable, scripthost, es2015.core, es2015.collection, es2015.generator, es2015.iterable, es2015.promise, es2015.proxy, es2015.reflect, es2015.symbol, es2015.symbol.wellknown, es2016.array.include, es2016.intl, es2017.arraybuffer, es2017.date, es2017.object, es2017.sharedmemory, es2017.string, es2017.intl, es2017.typedarrays, es2018.asyncgenerator, es2018.asynciterable/esnext.asynciterable, es2018.intl, es2018.promise, es2018.regexp, es2019.array, es2019.object, es2019.string, es2019.symbol/esnext.symbol, es2019.intl, es2020.bigint/esnext.bigint, es2020.date, es2020.promise, es2020.sharedmemory, es2020.string, es2020.symbol.wellknown, es2020.intl, es2020.number, es2021.promise, es2021.string, es2021.weakref/esnext.weakref, es2021.intl, es2022.array, es2022.error, es2022.intl, es2022.object, es2022.string, es2022.regexp, es2023.array, es2023.collection, es2023.intl, es2024.arraybuffer, es2024.collection, es2024.object/esnext.object, es2024.promise, es2024.regexp/esnext.regexp, es2024.sharedmemory, es2024.string/esnext.string, esnext.array, esnext.collection, esnext.intl, esnext.disposable, esnext.promise, esnext.decorators, esnext.iterator, esnext.float16, esnext.error, esnext.sharedmemory, decorators, decorators.legacy
@kan/docs:typecheck: default: undefined
@kan/docs:typecheck: 
@kan/docs:typecheck: --allowJs
@kan/docs:typecheck: Allow JavaScript files to be a part of your program. Use the 'checkJs' option to get errors from these files.
@kan/docs:typecheck: type: boolean
@kan/docs:typecheck: default: false
@kan/docs:typecheck: 
@kan/docs:typecheck: --checkJs
@kan/docs:typecheck: Enable error reporting in type-checked JavaScript files.
@kan/docs:typecheck: type: boolean
@kan/docs:typecheck: default: false
@kan/docs:typecheck: 
@kan/docs:typecheck: --jsx
@kan/docs:typecheck: Specify what JSX code is generated.
@kan/docs:typecheck: one of: preserve, react, react-native, react-jsx, react-jsxdev
@kan/docs:typecheck: default: undefined
@kan/docs:typecheck: 
@kan/docs:typecheck: --outFile
@kan/docs:typecheck: Specify a file that bundles all outputs into one JavaScript file. If 'declaration' is true, also designates a file that bundles all .d.ts output.
@kan/docs:typecheck: 
@kan/docs:typecheck: --outDir
@kan/docs:typecheck: Specify an output folder for all emitted files.
@kan/docs:typecheck: 
@kan/docs:typecheck: --removeComments
@kan/docs:typecheck: Disable emitting comments.
@kan/docs:typecheck: type: boolean
@kan/docs:typecheck: default: false
@kan/docs:typecheck: 
@kan/docs:typecheck: --strict
@kan/docs:typecheck: Enable all strict type-checking options.
@kan/docs:typecheck: type: boolean
@kan/docs:typecheck: default: false
@kan/docs:typecheck: 
@kan/docs:typecheck: --types
@kan/docs:typecheck: Specify type package names to be included without being referenced in a source file.
@kan/docs:typecheck: 
@kan/docs:typecheck: --esModuleInterop
@kan/docs:typecheck: Emit additional JavaScript to ease support for importing CommonJS modules. This enables 'allowSyntheticDefaultImports' for type compatibility.
@kan/docs:typecheck: type: boolean
@kan/docs:typecheck: default: false
@kan/docs:typecheck: 
@kan/docs:typecheck: You can learn about all of the compiler options at https://aka.ms/tsc
@kan/docs:typecheck: 
@kan/docs:typecheck: ΓÇëELIFECYCLEΓÇë Command failed with exit code 1.
@kan/docs:typecheck: ΓÇëWARNΓÇë  Local package.json exists, but node_modules missing, did you mean to install?

 Tasks:    8 successful, 12 total
Cached:    8 cached, 12 total
  Time:    1.911s 
Failed:    @kan/docs#typecheck

ΓÇëELIFECYCLEΓÇë Command failed with exit code 1.
